[www.truecaller.com/index.html]
[backblue.gif]
[fade.gif]
[index.html]
[www.truecaller.com/favicon.ico]
[www.truecaller.com/css/fonts.css]
[www.truecaller.com/css/app.9f4b8f33.css]
[www.truecaller.com/js/app.adeae680.js]
[www.truecaller.com/js/chunk-vendors.602568d5.js]
[www.truecaller.com/icon-32x32.png]
[www.truecaller.com/icon-16x26.png]
[www.truecaller.com/manifest.json]
[www.truecaller.com/icon-192x192.png]
[www.truecaller.com/icon-mask.svg]
[www.truecaller.com/icon-144x144.png]
[www.truecaller.com/auth/sign-in.html]
[www.truecaller.com/premium.html]
[www.truecaller.com/about.html]
[www.truecaller.com/board-and-management.html]
[www.truecaller.com/media-kit.html]
[www.truecaller.com/careers.html]
[www.truecaller.com/privacy.html]
[www.truecaller.com/img/story4.daa518db.jpg]
[www.truecaller.com/impact.html]
[www.truecaller.com/img/screen-caller-id.facda232.png]
[www.truecaller.com/features.html]
[www.truecaller.com/cookie-policy.html]
[www.truecaller.com/directory.html]
[www.truecaller.com/responsible-disclosure.html]
[www.truecaller.com/js/chunk-vendors-legacy.91da594c.js]
[www.truecaller.com/index.html]
[www.truecaller.com/js/app-legacy.6344f408.js]
[www.truecaller.com/fonts/open-sans-v16-latin-regular.eot]
[www.truecaller.com/fonts/open-sans-v16-latin-regulard41d.eot]
[www.truecaller.com/fonts/open-sans-v16-latin-regular.woff2]
[www.truecaller.com/fonts/open-sans-v16-latin-regular.woff]
[www.truecaller.com/fonts/open-sans-v16-latin-regular.ttf]
[www.truecaller.com/fonts/open-sans-v16-latin-regular.svg]
[www.truecaller.com/fonts/open-sans-v16-latin-600.eot]
[www.truecaller.com/fonts/open-sans-v16-latin-600d41d.eot]
[www.truecaller.com/fonts/open-sans-v16-latin-600.woff2]
[www.truecaller.com/fonts/open-sans-v16-latin-600.woff]
[www.truecaller.com/fonts/open-sans-v16-latin-600.ttf]
[www.truecaller.com/fonts/open-sans-v16-latin-600.svg]
[www.truecaller.com/fonts/montserrat-v13-latin-700.eot]
[www.truecaller.com/fonts/montserrat-v13-latin-700d41d.eot]
[www.truecaller.com/fonts/montserrat-v13-latin-700.woff2]
[www.truecaller.com/fonts/montserrat-v13-latin-700.woff]
[www.truecaller.com/fonts/montserrat-v13-latin-700.ttf]
[www.truecaller.com/css/fonts.css]
[www.truecaller.com/css/app.9f4b8f33.css]
[www.truecaller.com/icon-16x26.html]
[www.truecaller.com/icon-mask.svg]
[www.truecaller.com/fonts/montserrat-v13-latin-700.svg]
[www.truecaller.com/css/chunk-36b1dd53.e1a7d98b.css]
[www.truecaller.com/auth/sign-in.html]
[www.truecaller.com/js/chunk-36b1dd53.26da6e0e.js]
[www.truecaller.com/css/chunk-472e3660.5525c20e.css]
[www.truecaller.com/js/chunk-472e3660.3d34b1a6.js]
[www.truecaller.com/img/no-ads.4a8a63e3.svg]
[www.truecaller.com/index78f2.html]
[www.truecaller.com/img/who-viewed-my-profile.973617c8.svg]
[www.truecaller.com/img/premium-badge.c772f05f.svg]
[www.truecaller.com/img/more-contact-requests.d24efd43.svg]
[www.truecaller.com/img/incognito-mode.bbf558b2.svg]
[www.truecaller.com/img/call-recording.aa9136f8.svg]
[www.truecaller.com/img/all-premium-features.f6ae5e37.svg]
[www.truecaller.com/img/premium-support.8f59d083.svg]
[www.truecaller.com/premium.html]
[www.truecaller.com/img/gold-caller-id.0b7a69f2.svg]
[www.truecaller.com/css/chunk-39866fc4.4e76e2e1.css]
[www.truecaller.com/img/sequoia.133b8f55.png]
[www.truecaller.com/js/chunk-39866fc4.10f0f03c.js]
[www.truecaller.com/img/employees.d2699c43.png]
[www.truecaller.com/about.html]
[www.truecaller.com/js/chunk-43794b5c.9e05486e.js]
[www.truecaller.com/img/nami-zarringhalam.8426a73c.jpg]
[www.truecaller.com/img/alan-mamedi.8898e2dc.jpg]
[www.truecaller.com/img/john-doerr.6543c0b4.png]
[www.truecaller.com/img/mattias-ljungman.4f9b371b.png]
[www.truecaller.com/img/shailesh-lakhani.54468d7e.jpg]
[www.truecaller.com/img/sandeep-patil.c3266bc2.jpg]
[www.truecaller.com/img/rishit-jhunjhunwala.8fcc57aa.jpg]
[www.truecaller.com/img/petra-weslien.6b2656b7.jpg]
[www.truecaller.com/board-and-management.html]
[www.truecaller.com/js/chunk-7f7dcca6.76184e22.js]
[www.truecaller.com/img/app-icons.84cb3f97.png]
[www.truecaller.com/img/screenshots-ios.fe96e105.png]
[www.truecaller.com/img/screenshots-android.b1a21173.png]
[www.truecaller.com/media-kit.html]
[www.truecaller.com/js/chunk-5079ce79.724fb890.js]
[www.truecaller.com/css/chunk-a00b189c.17f385f1.css]
[www.truecaller.com/js/chunk-a00b189c.05561e89.js]
[www.truecaller.com/img/image-be-fearless.17c787a4.png]
[www.truecaller.com/img/image-help-each-other.8ef61683.png]
[www.truecaller.com/img/image-get-shit-done.2110f131.png]
[www.truecaller.com/img/image-never-give-up.3323cc3b.png]
[www.truecaller.com/careers.html]
[www.truecaller.com/privacy-faq.html]
[www.truecaller.com/privacy-policy.html]
[www.truecaller.com/terms-of-service.html]
[www.truecaller.com/assets/privacy/safe.png]
[www.truecaller.com/assets/privacy/paper-profile.png]
[www.truecaller.com/unlisting.html]
[www.truecaller.com/assets/privacy/phone.png]
[www.truecaller.com/assets/privacy/shield.png]
[www.truecaller.com/privacy.html]
[www.truecaller.com/css/chunk-cc0e1d9e.f2caabf3.css]
[www.truecaller.com/js/chunk-cc0e1d9e.205ad17c.js]
[www.truecaller.com/against-harassment.html]
[www.truecaller.com/img/impact-insights.3b523a9e.jpg]
[www.truecaller.com/img/insight1.15cbd6c4.jpg]
[www.truecaller.com/img/insight2.1f8fca7c.jpg]
[www.truecaller.com/img/insight3.66bebcf7.jpg]
[www.truecaller.com/img/insight4.d2ce15ed.jpg]
[www.truecaller.com/impact.html]
[www.truecaller.com/css/chunk-7f1440a4.cc2ef472.css]
[www.truecaller.com/js/chunk-7f1440a4.04439b40.js]
[www.truecaller.com/img/caller-id.1d5659a5.png]
[www.truecaller.com/img/spam-blocking.e352f891.png]
[www.truecaller.com/img/dialer.8f788bb9.png]
[www.truecaller.com/img/chat-sms-calls.798274e0.png]
[www.truecaller.com/img/inbox.d3715b7b.png]
[www.truecaller.com/img/themes.b5732409.png]
[www.truecaller.com/img/pay.8ed9d9db.png]
[www.truecaller.com/img/call-recording.c1f76c50.png]
[www.truecaller.com/features.html]
[www.truecaller.com/cookie-policy.html]
[www.truecaller.com/tc-spam-stats/_dist/b7a70a94581b0f634e63.js]
[www.truecaller.com/tc-spam-stats/_dist/3a2b7be43892aa372b9e.js]
[www.truecaller.com/tc-spam-stats/_dist/f21f631e1509a7fd3b57.js]
[www.truecaller.com/tc-spam-stats/_dist/4c6004978d004b2dfe66.js]
[www.truecaller.com/tc-spam-stats/assets/logo.svg]
[www.truecaller.com/directory/spammers2679.html]
[www.truecaller.com/directory.html]
[www.truecaller.com/responsible-disclosure.html]
[www.truecaller.com/fonts/open-sans-v16-latin-regular.svg]
[www.truecaller.com/fonts/open-sans-v16-latin-600.svg]
[www.truecaller.com/fonts/montserrat-v13-latin-700.svg]
[www.truecaller.com/css/chunk-36b1dd53.e1a7d98b.css]
[www.truecaller.com/tc-spam-stats/assets/icons/warning.svg]
[www.truecaller.com/img/premium-header-bg.69df478f.jpg]
[www.truecaller.com/img/truecaller-logo.29e256b0.svg]
[www.truecaller.com/img/premium-header.0ba18885.svg]
[www.truecaller.com/img/premium-header-bg.c6f62b62.svg]
[www.truecaller.com/img/gold-header.7e97967d.svg]
[www.truecaller.com/css/chunk-472e3660.5525c20e.css]
[www.truecaller.com/index78f2.html]
[www.truecaller.com/img/no-ads.4a8a63e3.svg]
[www.truecaller.com/img/who-viewed-my-profile.973617c8.svg]
[www.truecaller.com/img/premium-badge.c772f05f.svg]
[www.truecaller.com/img/more-contact-requests.d24efd43.svg]
[www.truecaller.com/img/incognito-mode.bbf558b2.svg]
[www.truecaller.com/img/call-recording.aa9136f8.svg]
[www.truecaller.com/img/all-premium-features.f6ae5e37.svg]
[www.truecaller.com/img/premium-support.8f59d083.svg]
[www.truecaller.com/img/gold-caller-id.0b7a69f2.svg]
[www.truecaller.com/img/gold-header-bg.1b827901.svg]
[www.truecaller.com/img/bangalore-office-1.8a0dbf94.jpg]
[www.truecaller.com/css/chunk-39866fc4.4e76e2e1.css]
[www.truecaller.com/img/bangalore-office-2.a5d5bab7.jpg]
[www.truecaller.com/css/chunk-a00b189c.17f385f1.css]
[www.truecaller.com/privacy-faq.html]
[www.truecaller.com/GET]
[www.truecaller.com/privacy-policy.html]
[www.truecaller.com/california-privacy-policy.html]
[www.truecaller.com/terms-of-service.html]
[www.truecaller.com/unlisting.html]
[www.truecaller.com/api-license-addendum.html]
[www.truecaller.com/img/impact-header.667aaed7.jpg]
[www.truecaller.com/img/story1.204d41db.jpg]
[www.truecaller.com/img/story2.3bdac935.jpg]
[www.truecaller.com/img/story3.4141ede1.jpg]
[www.truecaller.com/img/story5.c3a25a11.jpg]
[www.truecaller.com/img/story6.62c10759.jpg]
[www.truecaller.com/img/story7.7c573ecc.jpg]
[www.truecaller.com/css/chunk-cc0e1d9e.f2caabf3.css]
[www.truecaller.com/assets/against-harassment/open-graph-image-1200x630.jpg]
[www.truecaller.com/assets/against-harassment/twitter-image-1200x1200.jpg]
[www.truecaller.com/assets/against-harassment/styles.css]
[www.truecaller.com/against-harassment.html]
[www.truecaller.com/css/chunk-7f1440a4.cc2ef472.css]
[www.truecaller.com/tc-spam-stats/assets/logo.svg]
[www.truecaller.com/assets/against-harassment/truecaller-logo.svg]
[www.truecaller.com/directory/spammers/undefined4658]
[www.truecaller.com/tc-spam-stats/_dist/3b0ba805af1c1e79538f.js]
[www.truecaller.com/directory/spammers/in2679]
[www.truecaller.com/tc-spam-stats/assets/flags/in.svg]
[www.truecaller.com/directory/spammers/us2679]
[www.truecaller.com/tc-spam-stats/assets/flags/us.svg]
[www.truecaller.com/directory/spammers/eg2679]
[www.truecaller.com/tc-spam-stats/assets/flags/eg.svg]
[www.truecaller.com/directory/spammers/br2679]
[www.truecaller.com/tc-spam-stats/assets/flags/br.svg]
[www.truecaller.com/directory/spammers/id2679]
[www.truecaller.com/tc-spam-stats/assets/flags/id.svg]
[www.truecaller.com/directory/spammers/ru2679]
[www.truecaller.com/tc-spam-stats/assets/flags/ru.svg]
[www.truecaller.com/directory/spammers/za2679]
[www.truecaller.com/tc-spam-stats/assets/flags/za.svg]
[www.truecaller.com/directory/spammers/cl2679]
[www.truecaller.com/tc-spam-stats/assets/flags/cl.svg]
[www.truecaller.com/directory/spammers/my2679]
[www.truecaller.com/tc-spam-stats/assets/flags/my.svg]
[www.truecaller.com/directory/spammers/mx2679]
[www.truecaller.com/tc-spam-stats/assets/flags/mx.svg]
[www.truecaller.com/directory/spammers/il2679]
[www.truecaller.com/tc-spam-stats/assets/flags/il.svg]
[www.truecaller.com/directory/spammers/pe2679]
[www.truecaller.com/tc-spam-stats/assets/flags/pe.svg]
[www.truecaller.com/directory/spammers/ke2679]
[www.truecaller.com/tc-spam-stats/assets/flags/ke.svg]
[www.truecaller.com/directory/spammers/co2679]
[www.truecaller.com/tc-spam-stats/assets/flags/co.svg]
[www.truecaller.com/directory/spammers/pk2679]
[www.truecaller.com/tc-spam-stats/assets/flags/pk.svg]
[www.truecaller.com/directory/spammers/tr2679]
[www.truecaller.com/tc-spam-stats/assets/flags/tr.svg]
[www.truecaller.com/directory/spammers/ca2679]
[www.truecaller.com/tc-spam-stats/assets/flags/ca.svg]
[www.truecaller.com/directory/spammers/ua2679]
[www.truecaller.com/tc-spam-stats/assets/flags/ua.svg]
[www.truecaller.com/directory/spammers/ar2679]
[www.truecaller.com/tc-spam-stats/assets/flags/ar.svg]
[www.truecaller.com/directory/spammers/jm2679]
[www.truecaller.com/tc-spam-stats/assets/flags/jm.svg]
[www.truecaller.com/directory/spammers/gh2679]
[www.truecaller.com/tc-spam-stats/assets/flags/gh.svg]
[www.truecaller.com/directory/spammers/jo2679]
[www.truecaller.com/tc-spam-stats/assets/flags/jo.svg]
[www.truecaller.com/directory/spammers/au2679]
[www.truecaller.com/tc-spam-stats/assets/flags/au.svg]
[www.truecaller.com/directory/spammers/ae2679]
[www.truecaller.com/tc-spam-stats/assets/flags/ae.svg]
[www.truecaller.com/directory/spammers/ec2679]
[www.truecaller.com/tc-spam-stats/assets/flags/ec.svg]
[www.truecaller.com/directory/spammers/hk2679]
[www.truecaller.com/tc-spam-stats/assets/flags/hk.svg]
[www.truecaller.com/directory/spammers/ng2679]
[www.truecaller.com/tc-spam-stats/assets/flags/ng.svg]
[www.truecaller.com/directory/spammers/lb2679]
[www.truecaller.com/tc-spam-stats/assets/flags/lb.svg]
[www.truecaller.com/directory/spammers/lk2679]
[www.truecaller.com/tc-spam-stats/assets/flags/lk.svg]
[www.truecaller.com/directory/spammers/dz2679]
[www.truecaller.com/tc-spam-stats/assets/flags/dz.svg]
[www.truecaller.com/directory/spammers/ma2679]
[www.truecaller.com/tc-spam-stats/assets/flags/ma.svg]
[www.truecaller.com/directory/spammers/sa2679]
[www.truecaller.com/tc-spam-stats/assets/flags/sa.svg]
[www.truecaller.com/directory/spammers/tn2679]
[www.truecaller.com/tc-spam-stats/assets/flags/tn.svg]
[www.truecaller.com/directory/spammers/bd2679]
[www.truecaller.com/tc-spam-stats/assets/flags/bd.svg]
[www.truecaller.com/directory/spammers/vn2679]
[www.truecaller.com/tc-spam-stats/assets/flags/vn.svg]
[www.truecaller.com/directory/spammers/tw2679]
[www.truecaller.com/tc-spam-stats/assets/flags/tw.svg]
[www.truecaller.com/directory/spammers/iq2679]
[www.truecaller.com/tc-spam-stats/assets/flags/iq.svg]
[www.truecaller.com/directory/spammers/cr2679]
[www.truecaller.com/tc-spam-stats/assets/flags/cr.svg]
[www.truecaller.com/directory/spammers/kw2679]
[www.truecaller.com/tc-spam-stats/assets/flags/kw.svg]
[www.truecaller.com/directory/spammers/sg2679]
[www.truecaller.com/tc-spam-stats/assets/flags/sg.svg]
[www.truecaller.com/directory/spammers/pr2679]
[www.truecaller.com/tc-spam-stats/assets/flags/pr.svg]
[www.truecaller.com/directory/spammers/pa2679]
[www.truecaller.com/tc-spam-stats/assets/flags/pa.svg]
[www.truecaller.com/directory/spammers/th2679]
[www.truecaller.com/tc-spam-stats/assets/flags/th.svg]
[www.truecaller.com/directory/spammers/qa2679]
[www.truecaller.com/tc-spam-stats/assets/flags/qa.svg]
[www.truecaller.com/directory/spammers/hn2679]
[www.truecaller.com/tc-spam-stats/assets/flags/hn.svg]
[www.truecaller.com/directory/spammers/ly2679]
[www.truecaller.com/tc-spam-stats/assets/flags/ly.svg]
[www.truecaller.com/directory/spammers/bh2679]
[www.truecaller.com/tc-spam-stats/assets/flags/bh.svg]
[www.truecaller.com/directory/spammers/ph2679]
[www.truecaller.com/tc-spam-stats/assets/flags/ph.svg]
[www.truecaller.com/directory/spammers/bw2679]
[www.truecaller.com/tc-spam-stats/assets/flags/bw.svg]
[www.truecaller.com/directory/spammers/tz2679]
[www.truecaller.com/tc-spam-stats/assets/flags/tz.svg]
[www.truecaller.com/directory/spammers/gt2679]
[www.truecaller.com/tc-spam-stats/assets/flags/gt.svg]
[www.truecaller.com/directory/spammers/al2679]
[www.truecaller.com/tc-spam-stats/assets/flags/al.svg]
[www.truecaller.com/directory/spammers/sv2679]
[www.truecaller.com/tc-spam-stats/assets/flags/sv.svg]
[www.truecaller.com/directory/spammers/py2679]
[www.truecaller.com/tc-spam-stats/assets/flags/py.svg]
[www.truecaller.com/directory/spammers/np2679]
[www.truecaller.com/tc-spam-stats/assets/flags/np.svg]
[www.truecaller.com/directory/spammers/do2679]
[www.truecaller.com/tc-spam-stats/assets/flags/do.svg]
[www.truecaller.com/directory/spammers/na2679]
[www.truecaller.com/tc-spam-stats/assets/flags/na.svg]
[www.truecaller.com/directory/spammers/mz2679]
[www.truecaller.com/tc-spam-stats/assets/flags/mz.svg]
[www.truecaller.com/directory/spammers/sz2679]
[www.truecaller.com/tc-spam-stats/assets/flags/sz.svg]
[www.truecaller.com/directory/spammers/zm2679]
[www.truecaller.com/tc-spam-stats/assets/flags/zm.svg]
[www.truecaller.com/directory/spammers/fr2679]
[www.truecaller.com/tc-spam-stats/assets/flags/fr.svg]
[www.truecaller.com/directory/spammers/bj2679]
[www.truecaller.com/tc-spam-stats/assets/flags/bj.svg]
[www.truecaller.com/directory/spammers/jp2679]
[www.truecaller.com/tc-spam-stats/assets/flags/jp.svg]
[www.truecaller.com/directory/spammers/gb2679]
[www.truecaller.com/tc-spam-stats/assets/flags/gb.svg]
[www.truecaller.com/directory/spammers/sd2679]
[www.truecaller.com/tc-spam-stats/assets/flags/sd.svg]
[www.truecaller.com/directory/spammers/de2679]
[www.truecaller.com/tc-spam-stats/assets/flags/de.svg]
[www.truecaller.com/directory/spammers/ir2679]
[www.truecaller.com/tc-spam-stats/assets/flags/ir.svg]
[www.truecaller.com/directory/spammers/az2679]
[www.truecaller.com/tc-spam-stats/assets/flags/az.svg]
[www.truecaller.com/directory/spammers/ni2679]
[www.truecaller.com/tc-spam-stats/assets/flags/ni.svg]
[www.truecaller.com/directory/spammers/nz2679]
[www.truecaller.com/tc-spam-stats/assets/flags/nz.svg]
[www.truecaller.com/directory/spammers/et2679]
[www.truecaller.com/tc-spam-stats/assets/flags/et.svg]
[www.truecaller.com/directory/spammers/md2679]
[www.truecaller.com/tc-spam-stats/assets/flags/md.svg]
[www.truecaller.com/directory/spammers/es2679]
[www.truecaller.com/tc-spam-stats/assets/flags/es.svg]
[www.truecaller.com/directory/spammers/ch2679]
[www.truecaller.com/tc-spam-stats/assets/flags/ch.svg]
[www.truecaller.com/directory/spammers/ps2679]
[www.truecaller.com/tc-spam-stats/assets/flags/ps.svg]
[www.truecaller.com/directory/spammers/tt2679]
[www.truecaller.com/tc-spam-stats/assets/flags/tt.svg]
[www.truecaller.com/directory/spammers/vi2679]
[www.truecaller.com/tc-spam-stats/assets/flags/vi.svg]
[www.truecaller.com/directory/spammers/ug2679]
[www.truecaller.com/tc-spam-stats/assets/flags/ug.svg]
[www.truecaller.com/directory/spammers/sn2679]
[www.truecaller.com/tc-spam-stats/assets/flags/sn.svg]
[www.truecaller.com/directory/spammers/om2679]
[www.truecaller.com/tc-spam-stats/assets/flags/om.svg]
[www.truecaller.com/directory/spammers/bo2679]
[www.truecaller.com/tc-spam-stats/assets/flags/bo.svg]
[www.truecaller.com/directory/spammers/mv2679]
[www.truecaller.com/tc-spam-stats/assets/flags/mv.svg]
[www.truecaller.com/directory/spammers/ao2679]
[www.truecaller.com/tc-spam-stats/assets/flags/ao.svg]
[www.truecaller.com/directory/spammers/dj2679]
[www.truecaller.com/tc-spam-stats/assets/flags/dj.svg]
[www.truecaller.com/directory/spammers/ve2679]
[www.truecaller.com/tc-spam-stats/assets/flags/ve.svg]
[www.truecaller.com/directory/spammers/pg2679]
[www.truecaller.com/tc-spam-stats/assets/flags/pg.svg]
[www.truecaller.com/directory/spammers/ls2679]
[www.truecaller.com/tc-spam-stats/assets/flags/ls.svg]
[www.truecaller.com/directory/spammers/ci2679]
[www.truecaller.com/tc-spam-stats/assets/flags/ci.svg]
[www.truecaller.com/directory/spammers/rw2679]
[www.truecaller.com/tc-spam-stats/assets/flags/rw.svg]
[www.truecaller.com/directory/spammers/mu2679]
[www.truecaller.com/tc-spam-stats/assets/flags/mu.svg]
[www.truecaller.com/directory/spammers/bm2679]
[www.truecaller.com/tc-spam-stats/assets/flags/bm.svg]
[www.truecaller.com/directory/spammers/zw2679]
[www.truecaller.com/tc-spam-stats/assets/flags/zw.svg]
[www.truecaller.com/directory/spammers/uy2679]
[www.truecaller.com/tc-spam-stats/assets/flags/uy.svg]
[www.truecaller.com/directory/spammers/cm2679]
[www.truecaller.com/tc-spam-stats/assets/flags/cm.svg]
[www.truecaller.com/directory/spammers/it2679]
[www.truecaller.com/tc-spam-stats/assets/flags/it.svg]
[www.truecaller.com/directory/spammers/gd2679]
[www.truecaller.com/tc-spam-stats/assets/flags/gd.svg]
[www.truecaller.com/directory/spammers/ie2679]
[www.truecaller.com/tc-spam-stats/assets/flags/ie.svg]
[www.truecaller.com/directory/spammers/dk2679]
[www.truecaller.com/tc-spam-stats/assets/flags/dk.svg]
[www.truecaller.com/directory/spammers/dm2679]
[www.truecaller.com/tc-spam-stats/assets/flags/dm.svg]
[www.truecaller.com/directory/spammers/hu2679]
[www.truecaller.com/tc-spam-stats/assets/flags/hu.svg]
[www.truecaller.com/directory/spammers/mw2679]
[www.truecaller.com/tc-spam-stats/assets/flags/mw.svg]
[www.truecaller.com/directory/spammers/mo2679]
[www.truecaller.com/tc-spam-stats/assets/flags/mo.svg]
[www.truecaller.com/directory/spammers/pl2679]
[www.truecaller.com/tc-spam-stats/assets/flags/pl.svg]
[www.truecaller.com/directory/spammers/ge2679]
[www.truecaller.com/tc-spam-stats/assets/flags/ge.svg]
[www.truecaller.com/directory/spammers/ga2679]
[www.truecaller.com/tc-spam-stats/assets/flags/ga.svg]
[www.truecaller.com/directory/spammers/nl2679]
[www.truecaller.com/tc-spam-stats/assets/flags/nl.svg]
[www.truecaller.com/directory/spammers/mm2679]
[www.truecaller.com/tc-spam-stats/assets/flags/mm.svg]
[www.truecaller.com/directory/spammers/pt2679]
[www.truecaller.com/tc-spam-stats/assets/flags/pt.svg]
[www.truecaller.com/directory/spammers/ht2679]
[www.truecaller.com/tc-spam-stats/assets/flags/ht.svg]
[www.truecaller.com/directory/spammers/kz2679]
[www.truecaller.com/tc-spam-stats/assets/flags/kz.svg]
[www.truecaller.com/directory/spammers/at2679]
[www.truecaller.com/tc-spam-stats/assets/flags/at.svg]
[www.truecaller.com/directory/spammers/kr2679]
[www.truecaller.com/tc-spam-stats/assets/flags/kr.svg]
[www.truecaller.com/directory/spammers/cd2679]
[www.truecaller.com/tc-spam-stats/assets/flags/cd.svg]
[www.truecaller.com/directory/spammers/ee2679]
[www.truecaller.com/tc-spam-stats/assets/flags/ee.svg]
[www.truecaller.com/directory/spammers/gn2679]
[www.truecaller.com/tc-spam-stats/assets/flags/gn.svg]
[www.truecaller.com/directory/spammers/to2679]
[www.truecaller.com/tc-spam-stats/assets/flags/to.svg]
[www.truecaller.com/directory/spammers/be2679]
[www.truecaller.com/tc-spam-stats/assets/flags/be.svg]
[www.truecaller.com/directory/spammers/by2679]
[www.truecaller.com/tc-spam-stats/assets/flags/by.svg]
[www.truecaller.com/directory/spammers/so2679]
[www.truecaller.com/tc-spam-stats/assets/flags/so.svg]
[www.truecaller.com/directory/spammers/rs2679]
[www.truecaller.com/tc-spam-stats/assets/flags/rs.svg]
[www.truecaller.com/directory/spammers/gy2679]
[www.truecaller.com/tc-spam-stats/assets/flags/gy.svg]
[www.truecaller.com/directory/spammers/td2679]
[www.truecaller.com/tc-spam-stats/assets/flags/td.svg]
[www.truecaller.com/directory/spammers/lt2679]
[www.truecaller.com/tc-spam-stats/assets/flags/lt.svg]
[www.truecaller.com/directory/spammers/af2679]
[www.truecaller.com/tc-spam-stats/assets/flags/af.svg]
[www.truecaller.com/directory/spammers/bs2679]
[www.truecaller.com/tc-spam-stats/assets/flags/bs.svg]
[www.truecaller.com/directory/spammers4658.html]
[www.truecaller.com/directory/spammers2679.html]
[www.truecaller.com/tc-spam-stats/assets/icons/warning.svg]
[www.truecaller.com/img/truecaller-logo.29e256b0.svg]
[www.truecaller.com/img/premium-header.0ba18885.svg]
[www.truecaller.com/img/premium-header-bg.c6f62b62.svg]
[www.truecaller.com/img/gold-header.7e97967d.svg]
[www.truecaller.com/img/gold-header-bg.1b827901.svg]
[www.truecaller.com/GET.html]
[www.truecaller.com/california-privacy-notice.html]
[www.truecaller.com/california-privacy-policy-annexure-1.html]
[www.truecaller.com/california-privacy-policy.html]
[www.truecaller.com/api-license-addendum.html]
[www.truecaller.com/california-cookie-policy.html]
[www.truecaller.com/assets/against-harassment/img-1.jpg]
[www.truecaller.com/assets/against-harassment/img-2.jpg]
[www.truecaller.com/assets/against-harassment/img-3.jpg]
[www.truecaller.com/assets/against-harassment/styles.css]
[www.truecaller.com/assets/against-harassment/truecaller-logo.svg]
[www.truecaller.com/directory/spammers/undefined4658.html]
[www.truecaller.com/directory/spammers/in2679.html]
[www.truecaller.com/tc-spam-stats/assets/flags/in.svg]
[www.truecaller.com/directory/spammers/us2679.html]
[www.truecaller.com/tc-spam-stats/assets/flags/us.svg]
[www.truecaller.com/directory/spammers/eg2679.html]
[www.truecaller.com/tc-spam-stats/assets/flags/eg.svg]
[www.truecaller.com/directory/spammers/br2679.html]
[www.truecaller.com/tc-spam-stats/assets/flags/br.svg]
[www.truecaller.com/directory/spammers/id2679.html]
[www.truecaller.com/tc-spam-stats/assets/flags/id.svg]
[www.truecaller.com/directory/spammers/ru2679.html]
[www.truecaller.com/tc-spam-stats/assets/flags/ru.svg]
[www.truecaller.com/directory/spammers/za2679.html]
[www.truecaller.com/tc-spam-stats/assets/flags/za.svg]
[www.truecaller.com/directory/spammers/cl2679.html]
[www.truecaller.com/tc-spam-stats/assets/flags/cl.svg]
[www.truecaller.com/directory/spammers/my2679.html]
[www.truecaller.com/tc-spam-stats/assets/flags/my.svg]
[www.truecaller.com/directory/spammers/mx2679.html]
[www.truecaller.com/tc-spam-stats/assets/flags/mx.svg]
[www.truecaller.com/directory/spammers/il2679.html]
[www.truecaller.com/tc-spam-stats/assets/flags/il.svg]
[www.truecaller.com/directory/spammers/pe2679.html]
[www.truecaller.com/tc-spam-stats/assets/flags/pe.svg]
[www.truecaller.com/directory/spammers/ke2679.html]
[www.truecaller.com/tc-spam-stats/assets/flags/ke.svg]
[www.truecaller.com/directory/spammers/co2679.html]
[www.truecaller.com/tc-spam-stats/assets/flags/co.svg]
[www.truecaller.com/directory/spammers/pk2679.html]
[www.truecaller.com/tc-spam-stats/assets/flags/pk.svg]
[www.truecaller.com/directory/spammers/tr2679.html]
[www.truecaller.com/tc-spam-stats/assets/flags/tr.svg]
[www.truecaller.com/directory/spammers/ca2679.html]
[www.truecaller.com/tc-spam-stats/assets/flags/ca.svg]
[www.truecaller.com/directory/spammers/ua2679.html]
[www.truecaller.com/tc-spam-stats/assets/flags/ua.svg]
[www.truecaller.com/directory/spammers/ar2679.html]
[www.truecaller.com/tc-spam-stats/assets/flags/ar.svg]
[www.truecaller.com/directory/spammers/jm2679.html]
[www.truecaller.com/tc-spam-stats/assets/flags/jm.svg]
[www.truecaller.com/directory/spammers/gh2679.html]
[www.truecaller.com/tc-spam-stats/assets/flags/gh.svg]
[www.truecaller.com/directory/spammers/jo2679.html]
[www.truecaller.com/tc-spam-stats/assets/flags/jo.svg]
[www.truecaller.com/directory/spammers/au2679.html]
[www.truecaller.com/tc-spam-stats/assets/flags/au.svg]
[www.truecaller.com/directory/spammers/ae2679.html]
[www.truecaller.com/tc-spam-stats/assets/flags/ae.svg]
[www.truecaller.com/directory/spammers/ec2679.html]
[www.truecaller.com/tc-spam-stats/assets/flags/ec.svg]
[www.truecaller.com/directory/spammers/hk2679.html]
[www.truecaller.com/tc-spam-stats/assets/flags/hk.svg]
[www.truecaller.com/directory/spammers/ng2679.html]
[www.truecaller.com/tc-spam-stats/assets/flags/ng.svg]
[www.truecaller.com/directory/spammers/lb2679.html]
[www.truecaller.com/tc-spam-stats/assets/flags/lb.svg]
[www.truecaller.com/directory/spammers/lk2679.html]
[www.truecaller.com/tc-spam-stats/assets/flags/lk.svg]
[www.truecaller.com/directory/spammers/dz2679.html]
[www.truecaller.com/tc-spam-stats/assets/flags/dz.svg]
[www.truecaller.com/directory/spammers/ma2679.html]
[www.truecaller.com/tc-spam-stats/assets/flags/ma.svg]
[www.truecaller.com/directory/spammers/sa2679.html]
[www.truecaller.com/tc-spam-stats/assets/flags/sa.svg]
[www.truecaller.com/directory/spammers/tn2679.html]
[www.truecaller.com/tc-spam-stats/assets/flags/tn.svg]
[www.truecaller.com/directory/spammers/bd2679.html]
[www.truecaller.com/tc-spam-stats/assets/flags/bd.svg]
[www.truecaller.com/directory/spammers/vn2679.html]
[www.truecaller.com/tc-spam-stats/assets/flags/vn.svg]
[www.truecaller.com/directory/spammers/tw2679.html]
[www.truecaller.com/tc-spam-stats/assets/flags/tw.svg]
[www.truecaller.com/directory/spammers/iq2679.html]
[www.truecaller.com/tc-spam-stats/assets/flags/iq.svg]
[www.truecaller.com/directory/spammers/cr2679.html]
[www.truecaller.com/tc-spam-stats/assets/flags/cr.svg]
[www.truecaller.com/directory/spammers/kw2679.html]
[www.truecaller.com/tc-spam-stats/assets/flags/kw.svg]
[www.truecaller.com/directory/spammers/sg2679.html]
[www.truecaller.com/tc-spam-stats/assets/flags/sg.svg]
[www.truecaller.com/directory/spammers/pr2679.html]
[www.truecaller.com/tc-spam-stats/assets/flags/pr.svg]
[www.truecaller.com/directory/spammers/pa2679.html]
[www.truecaller.com/tc-spam-stats/assets/flags/pa.svg]
[www.truecaller.com/directory/spammers/th2679.html]
[www.truecaller.com/tc-spam-stats/assets/flags/th.svg]
[www.truecaller.com/directory/spammers/qa2679.html]
[www.truecaller.com/tc-spam-stats/assets/flags/qa.svg]
[www.truecaller.com/directory/spammers/hn2679.html]
[www.truecaller.com/tc-spam-stats/assets/flags/hn.svg]
[www.truecaller.com/directory/spammers/ly2679.html]
[www.truecaller.com/tc-spam-stats/assets/flags/ly.svg]
[www.truecaller.com/directory/spammers/bh2679.html]
[www.truecaller.com/tc-spam-stats/assets/flags/bh.svg]
[www.truecaller.com/directory/spammers/ph2679.html]
[www.truecaller.com/tc-spam-stats/assets/flags/ph.svg]
[www.truecaller.com/directory/spammers/bw2679.html]
[www.truecaller.com/tc-spam-stats/assets/flags/bw.svg]
[www.truecaller.com/directory/spammers/tz2679.html]
[www.truecaller.com/tc-spam-stats/assets/flags/tz.svg]
[www.truecaller.com/directory/spammers/gt2679.html]
[www.truecaller.com/tc-spam-stats/assets/flags/gt.svg]
[www.truecaller.com/directory/spammers/al2679.html]
[www.truecaller.com/tc-spam-stats/assets/flags/al.svg]
[www.truecaller.com/directory/spammers/sv2679.html]
[www.truecaller.com/tc-spam-stats/assets/flags/sv.svg]
[www.truecaller.com/directory/spammers/py2679.html]
[www.truecaller.com/tc-spam-stats/assets/flags/py.svg]
[www.truecaller.com/directory/spammers/np2679.html]
[www.truecaller.com/tc-spam-stats/assets/flags/np.svg]
[www.truecaller.com/directory/spammers/do2679.html]
[www.truecaller.com/tc-spam-stats/assets/flags/do.svg]
[www.truecaller.com/directory/spammers/na2679.html]
[www.truecaller.com/tc-spam-stats/assets/flags/na.svg]
[www.truecaller.com/directory/spammers/mz2679.html]
[www.truecaller.com/tc-spam-stats/assets/flags/mz.svg]
[www.truecaller.com/directory/spammers/sz2679.html]
[www.truecaller.com/tc-spam-stats/assets/flags/sz.svg]
[www.truecaller.com/directory/spammers/zm2679.html]
[www.truecaller.com/tc-spam-stats/assets/flags/zm.svg]
[www.truecaller.com/directory/spammers/fr2679.html]
[www.truecaller.com/tc-spam-stats/assets/flags/fr.svg]
[www.truecaller.com/directory/spammers/bj2679.html]
[www.truecaller.com/tc-spam-stats/assets/flags/bj.svg]
[www.truecaller.com/directory/spammers/jp2679.html]
[www.truecaller.com/tc-spam-stats/assets/flags/jp.svg]
[www.truecaller.com/directory/spammers/gb2679.html]
[www.truecaller.com/tc-spam-stats/assets/flags/gb.svg]
[www.truecaller.com/directory/spammers/sd2679.html]
[www.truecaller.com/tc-spam-stats/assets/flags/sd.svg]
[www.truecaller.com/directory/spammers/de2679.html]
[www.truecaller.com/tc-spam-stats/assets/flags/de.svg]
[www.truecaller.com/directory/spammers/ir2679.html]
[www.truecaller.com/tc-spam-stats/assets/flags/ir.svg]
[www.truecaller.com/directory/spammers/az2679.html]
[www.truecaller.com/tc-spam-stats/assets/flags/az.svg]
[www.truecaller.com/directory/spammers/ni2679.html]
[www.truecaller.com/tc-spam-stats/assets/flags/ni.svg]
[www.truecaller.com/directory/spammers/nz2679.html]
[www.truecaller.com/tc-spam-stats/assets/flags/nz.svg]
[www.truecaller.com/directory/spammers/et2679.html]
[www.truecaller.com/tc-spam-stats/assets/flags/et.svg]
[www.truecaller.com/directory/spammers/md2679.html]
[www.truecaller.com/tc-spam-stats/assets/flags/md.svg]
[www.truecaller.com/directory/spammers/es2679.html]
[www.truecaller.com/tc-spam-stats/assets/flags/es.svg]
[www.truecaller.com/directory/spammers/ch2679.html]
[www.truecaller.com/tc-spam-stats/assets/flags/ch.svg]
[www.truecaller.com/directory/spammers/ps2679.html]
[www.truecaller.com/tc-spam-stats/assets/flags/ps.svg]
[www.truecaller.com/directory/spammers/tt2679.html]
[www.truecaller.com/tc-spam-stats/assets/flags/tt.svg]
[www.truecaller.com/directory/spammers/vi2679.html]
[www.truecaller.com/tc-spam-stats/assets/flags/vi.svg]
[www.truecaller.com/directory/spammers/ug2679.html]
[www.truecaller.com/tc-spam-stats/assets/flags/ug.svg]
[www.truecaller.com/directory/spammers/sn2679.html]
[www.truecaller.com/tc-spam-stats/assets/flags/sn.svg]
[www.truecaller.com/directory/spammers/om2679.html]
[www.truecaller.com/tc-spam-stats/assets/flags/om.svg]
[www.truecaller.com/directory/spammers/bo2679.html]
[www.truecaller.com/tc-spam-stats/assets/flags/bo.svg]
[www.truecaller.com/directory/spammers/mv2679.html]
[www.truecaller.com/tc-spam-stats/assets/flags/mv.svg]
[www.truecaller.com/directory/spammers/ao2679.html]
[www.truecaller.com/tc-spam-stats/assets/flags/ao.svg]
[www.truecaller.com/directory/spammers/dj2679.html]
[www.truecaller.com/tc-spam-stats/assets/flags/dj.svg]
[www.truecaller.com/directory/spammers/ve2679.html]
[www.truecaller.com/tc-spam-stats/assets/flags/ve.svg]
[www.truecaller.com/directory/spammers/pg2679.html]
[www.truecaller.com/tc-spam-stats/assets/flags/pg.svg]
[www.truecaller.com/directory/spammers/ls2679.html]
[www.truecaller.com/tc-spam-stats/assets/flags/ls.svg]
[www.truecaller.com/directory/spammers/ci2679.html]
[www.truecaller.com/tc-spam-stats/assets/flags/ci.svg]
[www.truecaller.com/directory/spammers/rw2679.html]
[www.truecaller.com/tc-spam-stats/assets/flags/rw.svg]
[www.truecaller.com/directory/spammers/mu2679.html]
[www.truecaller.com/tc-spam-stats/assets/flags/mu.svg]
[www.truecaller.com/directory/spammers/bm2679.html]
[www.truecaller.com/tc-spam-stats/assets/flags/bm.svg]
[www.truecaller.com/directory/spammers/zw2679.html]
[www.truecaller.com/tc-spam-stats/assets/flags/zw.svg]
[www.truecaller.com/directory/spammers/uy2679.html]
[www.truecaller.com/tc-spam-stats/assets/flags/uy.svg]
[www.truecaller.com/directory/spammers/cm2679.html]
[www.truecaller.com/tc-spam-stats/assets/flags/cm.svg]
[www.truecaller.com/directory/spammers/it2679.html]
[www.truecaller.com/tc-spam-stats/assets/flags/it.svg]
[www.truecaller.com/directory/spammers/gd2679.html]
[www.truecaller.com/tc-spam-stats/assets/flags/gd.svg]
[www.truecaller.com/directory/spammers/ie2679.html]
[www.truecaller.com/tc-spam-stats/assets/flags/ie.svg]
[www.truecaller.com/directory/spammers/dk2679.html]
[www.truecaller.com/tc-spam-stats/assets/flags/dk.svg]
[www.truecaller.com/directory/spammers/dm2679.html]
[www.truecaller.com/tc-spam-stats/assets/flags/dm.svg]
[www.truecaller.com/directory/spammers/hu2679.html]
[www.truecaller.com/tc-spam-stats/assets/flags/hu.svg]
[www.truecaller.com/directory/spammers/mw2679.html]
[www.truecaller.com/tc-spam-stats/assets/flags/mw.svg]
[www.truecaller.com/directory/spammers/mo2679.html]
[www.truecaller.com/tc-spam-stats/assets/flags/mo.svg]
[www.truecaller.com/directory/spammers/pl2679.html]
[www.truecaller.com/tc-spam-stats/assets/flags/pl.svg]
[www.truecaller.com/directory/spammers/ge2679.html]
[www.truecaller.com/tc-spam-stats/assets/flags/ge.svg]
[www.truecaller.com/directory/spammers/ga2679.html]
[www.truecaller.com/tc-spam-stats/assets/flags/ga.svg]
[www.truecaller.com/directory/spammers/nl2679.html]
[www.truecaller.com/tc-spam-stats/assets/flags/nl.svg]
[www.truecaller.com/directory/spammers/mm2679.html]
[www.truecaller.com/tc-spam-stats/assets/flags/mm.svg]
[www.truecaller.com/directory/spammers/pt2679.html]
[www.truecaller.com/tc-spam-stats/assets/flags/pt.svg]
[www.truecaller.com/directory/spammers/ht2679.html]
[www.truecaller.com/tc-spam-stats/assets/flags/ht.svg]
[www.truecaller.com/directory/spammers/kz2679.html]
[www.truecaller.com/tc-spam-stats/assets/flags/kz.svg]
[www.truecaller.com/directory/spammers/at2679.html]
[www.truecaller.com/tc-spam-stats/assets/flags/at.svg]
[www.truecaller.com/directory/spammers/kr2679.html]
[www.truecaller.com/tc-spam-stats/assets/flags/kr.svg]
[www.truecaller.com/directory/spammers/cd2679.html]
[www.truecaller.com/tc-spam-stats/assets/flags/cd.svg]
[www.truecaller.com/directory/spammers/ee2679.html]
[www.truecaller.com/tc-spam-stats/assets/flags/ee.svg]
[www.truecaller.com/directory/spammers/gn2679.html]
[www.truecaller.com/tc-spam-stats/assets/flags/gn.svg]
[www.truecaller.com/directory/spammers/to2679.html]
[www.truecaller.com/tc-spam-stats/assets/flags/to.svg]
[www.truecaller.com/directory/spammers/be2679.html]
[www.truecaller.com/tc-spam-stats/assets/flags/be.svg]
[www.truecaller.com/directory/spammers/by2679.html]
[www.truecaller.com/tc-spam-stats/assets/flags/by.svg]
[www.truecaller.com/directory/spammers/so2679.html]
[www.truecaller.com/tc-spam-stats/assets/flags/so.svg]
[www.truecaller.com/directory/spammers/rs2679.html]
[www.truecaller.com/tc-spam-stats/assets/flags/rs.svg]
[www.truecaller.com/directory/spammers/gy2679.html]
[www.truecaller.com/tc-spam-stats/assets/flags/gy.svg]
[www.truecaller.com/directory/spammers/td2679.html]
[www.truecaller.com/tc-spam-stats/assets/flags/td.svg]
[www.truecaller.com/directory/spammers/lt2679.html]
[www.truecaller.com/tc-spam-stats/assets/flags/lt.svg]
[www.truecaller.com/directory/spammers/af2679.html]
[www.truecaller.com/tc-spam-stats/assets/flags/af.svg]
[www.truecaller.com/directory/spammers/bs2679.html]
[www.truecaller.com/tc-spam-stats/assets/flags/bs.svg]
[www.truecaller.com/directory/spammers/undefined2679]
[www.truecaller.com/directory/spammers/ne2679]
[www.truecaller.com/tc-spam-stats/assets/flags/ne.svg]
[www.truecaller.com/directory/spammers/tg2679]
[www.truecaller.com/tc-spam-stats/assets/flags/tg.svg]
[www.truecaller.com/directory/spammers/lu2679]
[www.truecaller.com/tc-spam-stats/assets/flags/lu.svg]
[www.truecaller.com/directory/spammers/sy2679]
[www.truecaller.com/tc-spam-stats/assets/flags/sy.svg]
[www.truecaller.com/directory/spammers/bg2679]
[www.truecaller.com/tc-spam-stats/assets/flags/bg.svg]
[www.truecaller.com/directory/spammers/se2679]
[www.truecaller.com/tc-spam-stats/assets/flags/se.svg]
[www.truecaller.com/directory/spammers/cv2679]
[www.truecaller.com/tc-spam-stats/assets/flags/cv.svg]
[www.truecaller.com/directory/spammers/no2679]
[www.truecaller.com/tc-spam-stats/assets/flags/no.svg]
[www.truecaller.com/directory/spammers/kh2679]
[www.truecaller.com/tc-spam-stats/assets/flags/kh.svg]
[www.truecaller.com/directory/spammers/cn2679]
[www.truecaller.com/tc-spam-stats/assets/flags/cn.svg]
[www.truecaller.com/directory/spammers/tc2679]
[www.truecaller.com/tc-spam-stats/assets/flags/tc.svg]
[www.truecaller.com/directory/spammers/mp2679]
[www.truecaller.com/tc-spam-stats/assets/flags/mp.svg]
[www.truecaller.com/directory/spammers/ml2679]
[www.truecaller.com/tc-spam-stats/assets/flags/ml.svg]
[www.truecaller.com/directory/spammers/fo2679]
[www.truecaller.com/tc-spam-stats/assets/flags/fo.svg]
[www.truecaller.com/directory/spammers/am2679]
[www.truecaller.com/tc-spam-stats/assets/flags/am.svg]
[www.truecaller.com/directory/spammers/fj2679]
[www.truecaller.com/tc-spam-stats/assets/flags/fj.svg]
[www.truecaller.com/directory/spammers/bf2679]
[www.truecaller.com/tc-spam-stats/assets/flags/bf.svg]
[www.truecaller.com/directory/spammers/ag2679]
[www.truecaller.com/tc-spam-stats/assets/flags/ag.svg]
[www.truecaller.com/directory/spammers/ws2679]
[www.truecaller.com/tc-spam-stats/assets/flags/ws.svg]
[www.truecaller.com/directory/spammers/vg2679]
[www.truecaller.com/tc-spam-stats/assets/flags/vg.svg]
[www.truecaller.com/directory/spammers/ba2679]
[www.truecaller.com/tc-spam-stats/assets/flags/ba.svg]
[www.truecaller.com/directory/spammers/lr2679]
[www.truecaller.com/tc-spam-stats/assets/flags/lr.svg]
[www.truecaller.com/directory/spammers/cy2679]
[www.truecaller.com/directory/spammers4658.html]
[www.truecaller.com/california-privacy-notice.html]
[www.truecaller.com/california-privacy-policy-annexure-1.html]
[www.truecaller.com/california-cookie-policy.html]
[www.truecaller.com/directory/spammers/undefined2679.html]
[www.truecaller.com/directory/spammers/ne2679.html]
[www.truecaller.com/tc-spam-stats/assets/flags/ne.svg]
[www.truecaller.com/directory/spammers/tg2679.html]
[www.truecaller.com/tc-spam-stats/assets/flags/tg.svg]
[www.truecaller.com/directory/spammers/lu2679.html]
[www.truecaller.com/tc-spam-stats/assets/flags/lu.svg]
[www.truecaller.com/directory/spammers/sy2679.html]
[www.truecaller.com/tc-spam-stats/assets/flags/sy.svg]
[www.truecaller.com/directory/spammers/bg2679.html]
[www.truecaller.com/tc-spam-stats/assets/flags/bg.svg]
[www.truecaller.com/directory/spammers/se2679.html]
[www.truecaller.com/tc-spam-stats/assets/flags/se.svg]
[www.truecaller.com/directory/spammers/cv2679.html]
[www.truecaller.com/tc-spam-stats/assets/flags/cv.svg]
[www.truecaller.com/directory/spammers/no2679.html]
[www.truecaller.com/tc-spam-stats/assets/flags/no.svg]
[www.truecaller.com/directory/spammers/kh2679.html]
[www.truecaller.com/tc-spam-stats/assets/flags/kh.svg]
[www.truecaller.com/directory/spammers/cn2679.html]
[www.truecaller.com/tc-spam-stats/assets/flags/cn.svg]
[www.truecaller.com/directory/spammers/tc2679.html]
[www.truecaller.com/tc-spam-stats/assets/flags/tc.svg]
[www.truecaller.com/directory/spammers/mp2679.html]
[www.truecaller.com/tc-spam-stats/assets/flags/mp.svg]
[www.truecaller.com/directory/spammers/ml2679.html]
[www.truecaller.com/tc-spam-stats/assets/flags/ml.svg]
[www.truecaller.com/directory/spammers/fo2679.html]
[www.truecaller.com/tc-spam-stats/assets/flags/fo.svg]
[www.truecaller.com/directory/spammers/am2679.html]
[www.truecaller.com/tc-spam-stats/assets/flags/am.svg]
[www.truecaller.com/directory/spammers/fj2679.html]
[www.truecaller.com/tc-spam-stats/assets/flags/fj.svg]
[www.truecaller.com/directory/spammers/bf2679.html]
[www.truecaller.com/tc-spam-stats/assets/flags/bf.svg]
[www.truecaller.com/directory/spammers/ag2679.html]
[www.truecaller.com/tc-spam-stats/assets/flags/ag.svg]
[www.truecaller.com/directory/spammers/ws2679.html]
[www.truecaller.com/tc-spam-stats/assets/flags/ws.svg]
[www.truecaller.com/directory/spammers/vg2679.html]
[www.truecaller.com/tc-spam-stats/assets/flags/vg.svg]
[www.truecaller.com/directory/spammers/ba2679.html]
[www.truecaller.com/tc-spam-stats/assets/flags/ba.svg]
[www.truecaller.com/directory/spammers/lr2679.html]
[www.truecaller.com/tc-spam-stats/assets/flags/lr.svg]
[www.truecaller.com/directory/spammers/cy2679.html]
[www.truecaller.com/tc-spam-stats/assets/flags/cy.svg]
[www.truecaller.com/tc-spam-stats/assets/flags/cy.svg]
